2026-07-07 07:53:03.017: [INFO] VisibilityChanged: 0
2026-07-07 07:53:03.099: [INFO] RecordSyncInitDuration has_sync_been_enabled: 0 state: 0
2026-07-07 07:53:03.101: [INFO] RecordSyncInitDuration has_sync_been_enabled: 0 state: 0
2026-07-07 07:53:03.103: [INFO] RecordSyncInitDuration has_sync_been_enabled: 0 state: 0
2026-07-07 07:53:03.105: [INFO] RecordSyncInitDuration has_sync_been_enabled: 0 state: 0
2026-07-07 07:53:03.108: [INFO] RecordSyncInitDuration has_sync_been_enabled: 0 state: 0
2026-07-07 07:53:03.109: [INFO] RecordSyncInitDuration has_sync_been_enabled: 0 state: 0
2026-07-07 07:53:03.111: [INFO] RecordSyncInitDuration has_sync_been_enabled: 0 state: 0
2026-07-07 07:53:03.112: [INFO] RecordSyncInitDuration has_sync_been_enabled: 0 state: 0
2026-07-07 07:53:03.114: [INFO] RecordSyncInitDuration has_sync_been_enabled: 0 state: 0
2026-07-07 07:53:03.116: [INFO] RecordSyncInitDuration has_sync_been_enabled: 0 state: 0
2026-07-07 07:53:03.176: [INFO] BookmarkNodeAdded, ABU: 0
2026-07-07 07:53:03.177: [INFO] BookmarkNodeAdded, ABU: 0
2026-07-07 07:53:03.177: [INFO] BookmarkModelLoaded, ids_reassigned: 0
2026-07-07 07:53:03.177: [INFO] OnDoneLoading sync enabled: 0
2026-07-07 07:53:03.183: [INFO] RecordSyncInitDuration has_sync_been_enabled: 0 state: 0
2026-07-07 07:53:08.030: [INFO] RecordSyncInitDuration has_sync_been_enabled: 0 state: 0
2026-07-07 07:53:08.068: [INFO] RecordSyncInitDuration has_sync_been_enabled: 0 state: 3
2026-07-07 07:53:08.096: [INFO] Primary account changed.
2026-07-07 07:53:08.096: [INFO] OnPrimaryAccountChanged PrimaryAccountChangeEvent::Type::kSet
2026-07-07 07:53:08.108: [INFO] RecordSyncInitDuration has_sync_been_enabled: 0 state: 3
2026-07-07 07:53:12.919: [INFO] Sync initialization duration: 4234ms
