{"logTime": "0707/075311", "correlationVector":"NDDagLbr1wR1q0WMgyMG3A.1","action":"SyncServerConnectionManagerRequest", "result":"SYNC_SERVER_OK", "context":{"environment":"Prod_southeastasia_prod-s01-065-apac-southeastasia", "migrationStage":"NotStarted", "server":"akswtt00200001o"}}
{"logTime": "0707/075311", "correlationVector":"NDDagLbr1wR1q0WMgyMG3A.2","action":"ProcessGetUpdates", "result":"Done", "context":{"dataType":"Encryption Keys", "deleted":"0", "process_failed_to_decrypt":"0", "process_pending_decryption":"0", "process_success":"1", "total":"1"}}
{"logTime": "0707/075311", "correlationVector":"iwR+83/XC1W/VOSF4qENoy","action":"SyncServerConnectionManagerRequest", "result":"SYNC_SERVER_OK", "context":{"environment":"", "migrationStage":"", "server":""}}
{"logTime": "0707/075311", "correlationVector":"iwR+83/XC1W/VOSF4qENoy.0","action":"EncryptionKeysFetcher.DownloadKeys:", "result":"Success", "context":Key count: 6, Last key timestamp: 2026-05-10T07:21:51Z}
{"logTime": "0707/075311", "correlationVector":"iwR+83/XC1W/VOSF4qENoy.1","action":"EncryptionKeysManager::SetEncryptionKeys:", "result":"Success", "context":Key names[6]:[3t5AiIXlPQ8iHd7y4iXS0dc5eoP7Ouonuap3qV8qmjX+/t5yaZZ1WmGHLalB/mnD61qLFhX/Ybsm+4MGxBvZiA==][wTwZ4/8AtmzNwh8K6YVeMdP9RyRSeCZ8Ehp3LgNgr82oR1J7rN0ofVprj27TznP/xU7/aAEKKYjBZrBCjyk5vw==][UISstzL2lxB8O8d7s6vojVuBe6qUPPhWg4mJWLEzwQWSwvQ3qFRZSEA1lWhrj5KlaHLNqs8L/Uj5PaB5GgcNxQ==][NyVWQYxn8nv44IwsdJ+Nh008uvA7ugBzeP/y3XGW3VFSfFalC/LSN3bTtI91gK5sXZxoEZEPENz5FzVOg1GJew==][S1uzZzxUXgXQSNPUrYBuCBpYfCbo4XdqhXZFUcX/Fplu5XeC2EdSM3Nz9qnmP+ROEt9wOceYMqPlLZhvm+0buw==][TbWtBfISqKoZXicTvYXMrYZlOlqeu0jwf4HLP2YrCgfgTFNbFzwlerBl49P165d/DiSdGfgbu0PTwJO/Dqy5UQ==]}
{"logTime": "0707/075311", "correlationVector":"iwR+83/XC1W/VOSF4qENoy.2","action":"EncryptionKeysManager::SetEncryptionKeysWithTimestamps:", "result":"Success", "context":Key timestamps[6]:[2023-08-06T05:24:23Z][2024-02-09T07:26:58Z][2024-08-12T07:54:11Z][2025-03-16T12:30:02Z][2025-09-13T14:10:27Z][2026-05-10T07:21:51Z]}
{"logTime": "0707/075311", "correlationVector":"NDDagLbr1wR1q0WMgyMG3A","action":"Initial GetUpdates", "result":"", "context":Reason: NEW_CLIENT. cV=NDDagLbr1wR1q0WMgyMG3A}
{"logTime": "0707/075311", "correlationVector":"NDDagLbr1wR1q0WMgyMG3A.3","action":"GetUpdates Response", "result":"Success", "context":Received 1 update(s). cV=NDDagLbr1wR1q0WMgyMG3A.0;server=akswtt00200001o;cloudType=Consumer;environment=Prod_southeastasia_prod-s01-065-apac-southeastasia;migrationStage=NotStarted}
{"logTime": "0707/075311", "correlationVector":"9b9KUBaOXzwOJaUi2LOQce","action":"Initial GetUpdates", "result":"", "context":Reason: NEWLY_SUPPORTED_DATATYPE. cV=9b9KUBaOXzwOJaUi2LOQce}
{"logTime": "0707/075312", "correlationVector":"9b9KUBaOXzwOJaUi2LOQce.1","action":"SyncServerConnectionManagerRequest", "result":"SYNC_SERVER_OK", "context":{"environment":"Prod_southeastasia_prod-s01-065-apac-southeastasia", "migrationStage":"NotStarted", "server":"akswtt002000009"}}
{"logTime": "0707/075312", "correlationVector":"9b9KUBaOXzwOJaUi2LOQce.2","action":"ProcessGetUpdates", "result":"Done", "context":{"dataType":"Passwords", "deleted":"0", "process_failed_to_decrypt":"0", "process_pending_decryption":"0", "process_success":"5", "total":"5"}}
{"logTime": "0707/075312", "correlationVector":"9b9KUBaOXzwOJaUi2LOQce.3","action":"ProcessGetUpdates", "result":"Done", "context":{"dataType":"Device Info", "deleted":"0", "process_failed_to_decrypt":"0", "process_pending_decryption":"0", "process_success":"10", "total":"10"}}
{"logTime": "0707/075312", "correlationVector":"9b9KUBaOXzwOJaUi2LOQce.4","action":"GetUpdates Response", "result":"Success", "context":Received 15 update(s). cV=9b9KUBaOXzwOJaUi2LOQce.0;server=akswtt002000009;cloudType=Consumer;environment=Prod_southeastasia_prod-s01-065-apac-southeastasia;migrationStage=NotStarted}
{"logTime": "0707/075312", "correlationVector":"Mfqio/tuNfKNIUrI8fqi0s","action":"Initial GetUpdates", "result":"", "context":Reason: NEWLY_SUPPORTED_DATATYPE. cV=Mfqio/tuNfKNIUrI8fqi0s}
{"logTime": "0707/075312", "correlationVector":"Mfqio/tuNfKNIUrI8fqi0s.1","action":"SyncServerConnectionManagerRequest", "result":"SYNC_SERVER_OK", "context":{"environment":"Prod_southeastasia_prod-s01-065-apac-southeastasia", "migrationStage":"NotStarted", "server":"akswtt00200000t"}}
{"logTime": "0707/075312", "correlationVector":"Mfqio/tuNfKNIUrI8fqi0s.2","action":"ProcessGetUpdates", "result":"Done", "context":{"dataType":"Bookmarks", "deleted":"0", "process_failed_to_decrypt":"0", "process_pending_decryption":"0", "process_success":"6", "total":"6"}}
{"logTime": "0707/075312", "correlationVector":"Mfqio/tuNfKNIUrI8fqi0s.3","action":"ProcessGetUpdates", "result":"Done", "context":{"dataType":"Preferences", "deleted":"0", "process_failed_to_decrypt":"0", "process_pending_decryption":"0", "process_success":"58", "total":"58"}}
{"logTime": "0707/075312", "correlationVector":"Mfqio/tuNfKNIUrI8fqi0s.4","action":"ProcessGetUpdates", "result":"Done", "context":{"dataType":"Autofill Profiles", "deleted":"0", "process_failed_to_decrypt":"0", "process_pending_decryption":"0", "process_success":"1", "total":"1"}}
{"logTime": "0707/075312", "correlationVector":"Mfqio/tuNfKNIUrI8fqi0s.5","action":"ProcessGetUpdates", "result":"Done", "context":{"dataType":"Autofill", "deleted":"0", "process_failed_to_decrypt":"0", "process_pending_decryption":"0", "process_success":"3", "total":"3"}}
{"logTime": "0707/075312", "correlationVector":"Mfqio/tuNfKNIUrI8fqi0s.6","action":"ProcessGetUpdates", "result":"Done", "context":{"dataType":"Sessions", "deleted":"3", "process_failed_to_decrypt":"0", "process_pending_decryption":"0", "process_success":"14", "total":"14"}}
{"logTime": "0707/075312", "correlationVector":"Mfqio/tuNfKNIUrI8fqi0s.7","action":"GetUpdates Response", "result":"Success", "context":Received 82 update(s). cV=Mfqio/tuNfKNIUrI8fqi0s.0;server=akswtt00200000t;cloudType=Consumer;environment=Prod_southeastasia_prod-s01-065-apac-southeastasia;migrationStage=NotStarted}
{"logTime": "0707/075312", "correlationVector":"P2tjY49SVf5on//0MVzLpE","action":"Initial GetUpdates", "result":"", "context":Reason: NEWLY_SUPPORTED_DATATYPE. cV=P2tjY49SVf5on//0MVzLpE}
{"logTime": "0707/075312", "correlationVector":"P2tjY49SVf5on//0MVzLpE.1","action":"SyncServerConnectionManagerRequest", "result":"SYNC_SERVER_OK", "context":{"environment":"Prod_southeastasia_prod-s01-065-apac-southeastasia", "migrationStage":"NotStarted", "server":"akswtt002000004"}}
{"logTime": "0707/075312", "correlationVector":"P2tjY49SVf5on//0MVzLpE.2","action":"ProcessGetUpdates", "result":"Done", "context":{"dataType":"History", "deleted":"0", "process_failed_to_decrypt":"0", "process_pending_decryption":"0", "process_success":"4", "total":"4"}}
{"logTime": "0707/075312", "correlationVector":"P2tjY49SVf5on//0MVzLpE.3","action":"GetUpdates Response", "result":"Success", "context":Received 4 update(s). cV=P2tjY49SVf5on//0MVzLpE.0;server=akswtt002000004;cloudType=Consumer;environment=Prod_southeastasia_prod-s01-065-apac-southeastasia;migrationStage=NotStarted}
{"logTime": "0707/075312", "correlationVector":"8yHkXIUah+P3a7+gSSxdUY","action":"Normal GetUpdate request", "result":"", "context":cV=8yHkXIUah+P3a7+gSSxdUY
Nudged types: Sessions, Device Info, User Consents
Refresh requested types: Bookmarks, Preferences, Passwords, Autofill Profiles, Autofill, Extensions, Sessions, Extension settings, History Delete Directives, Device Info, User Consents, Send Tab To Self, Web Apps, History, Saved Tab Group, WebAuthn Credentials, Edge E Drop, Edge Hub App Usage, Edge Workspace, Encryption Keys}
{"logTime": "0707/075313", "correlationVector":"8yHkXIUah+P3a7+gSSxdUY.1","action":"SyncServerConnectionManagerRequest", "result":"SYNC_SERVER_OK", "context":{"environment":"Prod_southeastasia_prod-s01-065-apac-southeastasia", "migrationStage":"NotStarted", "server":"akswtt00200000w"}}
{"logTime": "0707/075313", "correlationVector":"8yHkXIUah+P3a7+gSSxdUY.2","action":"GetUpdates Response", "result":"Success", "context":Received 0 update(s). cV=8yHkXIUah+P3a7+gSSxdUY.0;server=akswtt00200000w;cloudType=Consumer;environment=Prod_southeastasia_prod-s01-065-apac-southeastasia;migrationStage=NotStarted}
{"logTime": "0707/075313", "correlationVector":"rm9NtZe3euVpkpVFbw9qGz","action":"DoCompareDataConsistency: ", "result":"has local changes and skip compare"}
{"logTime": "0707/075313", "correlationVector":"XBQXE9pLjpFp8XmgdYIfxk","action":"Commit Request", "result":"", "context":Item count: 13
Contributing types: Sessions, Device Info, User Consents, History}
{"logTime": "0707/075316", "correlationVector":"XBQXE9pLjpFp8XmgdYIfxk.1","action":"SyncServerConnectionManagerRequest", "result":"SYNC_SERVER_OK", "context":{"environment":"Prod_southeastasia_prod-s01-065-apac-southeastasia", "migrationStage":"NotStarted", "server":"akswtt00200000b"}}
{"logTime": "0707/075316", "correlationVector":"XBQXE9pLjpFp8XmgdYIfxk.2","action":"Commit Response", "result":"Success", "context":Result: Success. cV=XBQXE9pLjpFp8XmgdYIfxk.0;server=akswtt00200000b;cloudType=Consumer;environment=Prod_southeastasia_prod-s01-065-apac-southeastasia;migrationStage=NotStarted}
